2025-04-24 00:07:58,723 - ERROR - Measurements CSV file does not exist: ml/sampling/measurements/Dune.csv
2025-04-24 00:08:56,042 - INFO - Starting the experimental pipeline.
2025-04-24 00:08:56,042 - INFO - Parameters: measurements_csv=bindings/python/ml/sampling/measurements/Dune.csv, feature_model_xml=bindings/python/ml/sampling/feature_models/Dune.xml, sample_seed=42, sample_strategy=random, sample_size=100, max_interaction_order=3, margin=0.01, threshold=0.01, learning_seed=42, output_dir=results/
2025-04-24 00:08:56,042 - INFO - Loading feature model and extracting feature names.
2025-04-24 00:08:56,055 - INFO - Number of features extracted: 31
2025-04-24 00:08:56,055 - INFO - Generating sampled configurations using variant generator.
2025-04-24 00:08:56,066 - INFO - Number of configurations sampled: 100
2025-04-24 00:08:56,067 - INFO - Sampled configurations exported to results/sampled_configurations.csv
2025-04-24 00:08:56,067 - INFO - Matching sampled configurations with their performance values.
2025-04-24 00:08:56,131 - INFO - Number of matched configurations: 100
2025-04-24 00:08:56,131 - INFO - Training the regression model using stepwise selection.
2025-04-24 00:09:11,820 - INFO - Selected features: ['BiCGSTABSolver$$cells_51', 'BiCGSTABSolver$$post_0', 'CGSolver$$post_0', 'GradientSolver$$cells_50', 'GradientSolver$$cells_51', 'SeqGS$$cells_50', 'SeqGS$$pre_4', 'cells_50', 'cells_50$$post_0', 'cells_50$$post_2', 'cells_50$$post_3', 'cells_50$$pre_0', 'cells_50$$pre_1', 'cells_50$$pre_4', 'cells_51$$post_0', 'cells_51$$post_1', 'cells_51$$post_2', 'cells_51$$post_5', 'cells_51$$pre_0', 'cells_51$$pre_4', 'cells_51$$pre_5', 'cells_51$$pre_6', 'cells_52$$pre_1', 'cells_53$$post_0', 'cells_53$$pre_1', 'cells_53$$pre_4', 'cells_54$$post_0', 'cells_54$$pre_1', 'cells_55$$post_0', 'post_0', 'post_0$$pre_3', 'post_0$$pre_4', 'post_0$$pre_6', 'post_1$$pre_1', 'post_1$$pre_4', 'post_3$$pre_1', 'post_3$$pre_4', 'pre_4']
2025-04-24 00:09:11,821 - INFO - Final model:
2025-04-24 00:09:11,821 - INFO - const                       10649.404388
BiCGSTABSolver$$cells_51     -606.339388
BiCGSTABSolver$$post_0      -1284.250000
CGSolver$$post_0             4864.946429
GradientSolver$$cells_50    -2096.803333
GradientSolver$$cells_51    -4201.964847
SeqGS$$cells_50              1500.379226
SeqGS$$pre_4                 -908.213265
cells_50                    -3339.377066
cells_50$$post_0            -2667.370731
cells_50$$post_2             4477.149405
cells_50$$post_3             2350.758750
cells_50$$pre_0                79.920714
cells_50$$pre_1             -2167.482619
cells_50$$pre_4              1342.065842
cells_51$$post_0             8553.893571
cells_51$$post_1             3814.286429
cells_51$$post_2            -3585.584133
cells_51$$post_5              539.067092
cells_51$$pre_0              2247.964643
cells_51$$pre_4             -2825.460918
cells_51$$pre_5               580.920816
cells_51$$pre_6             -3752.757755
cells_52$$pre_1             -1066.044745
cells_53$$post_0              319.235714
cells_53$$pre_1               148.003776
cells_53$$pre_4              -589.453061
cells_54$$post_0             -207.578571
cells_54$$pre_1               665.075714
cells_55$$post_0             4193.028571
post_0                       2658.702755
post_0$$pre_3                -270.564286
post_0$$pre_4               -5953.038980
post_0$$pre_6               -1195.325000
post_1$$pre_1                2753.168367
post_1$$pre_4                 -81.329592
post_3$$pre_1                 -82.395459
post_3$$pre_4                -240.008163
pre_4                         966.399694
dtype: float64
2025-04-24 00:09:11,823 - INFO - Trained model exported to results/trained_model.pkl
2025-04-24 00:09:11,823 - INFO - Loading all configurations for performance prediction.
2025-04-24 00:09:11,826 - INFO - Total number of configurations: 2304
2025-04-24 00:09:11,826 - INFO - Predicting performance for all configurations.
2025-04-24 00:09:11,843 - INFO - Validation Error: 18.085033442537892
2025-04-24 00:09:11,843 - INFO - Experimental pipeline completed successfully.
2025-04-25 13:06:05,832 - ERROR - Measurements CSV file does not exist: ml/sampling/measurements/Dune.csv
2025-04-25 13:07:01,191 - ERROR - Measurements CSV file does not exist: bindings/pythn/ml/sampling/measurements/Dune.csv
2025-04-25 13:07:17,803 - INFO - Starting the experimental pipeline.
2025-04-25 13:07:17,803 - INFO - Parameters: measurements_csv=bindings/python/ml/sampling/measurements/Dune.csv, feature_model_xml=bindings/python/ml/sampling/feature_models/Dune.xml, sample_seed=42, sample_strategy=random, sample_size=100, max_interaction_order=3, margin=0.01, threshold=0.01, learning_seed=42, output_dir=results/
2025-04-25 13:07:17,803 - INFO - Loading feature model and extracting feature names.
2025-04-25 13:07:17,814 - INFO - Number of features extracted: 31
2025-04-25 13:07:17,814 - INFO - Generating sampled configurations using variant generator.
2025-04-25 13:07:17,826 - INFO - Number of configurations sampled: 100
2025-04-25 13:07:17,828 - INFO - Sampled configurations exported to results/sampled_configurations.csv
2025-04-25 13:07:17,828 - INFO - Matching sampled configurations with their performance values.
2025-04-25 13:07:17,890 - INFO - Number of matched configurations: 100
2025-04-25 13:07:17,890 - INFO - Training the regression model using stepwise selection.
2025-04-25 13:07:33,605 - INFO - Selected features: ['BiCGSTABSolver$$cells_51', 'BiCGSTABSolver$$post_0', 'CGSolver$$post_0', 'GradientSolver$$cells_50', 'GradientSolver$$cells_51', 'SeqGS$$cells_50', 'SeqGS$$pre_4', 'cells_50', 'cells_50$$post_0', 'cells_50$$post_2', 'cells_50$$post_3', 'cells_50$$pre_0', 'cells_50$$pre_1', 'cells_50$$pre_4', 'cells_51$$post_0', 'cells_51$$post_1', 'cells_51$$post_2', 'cells_51$$post_5', 'cells_51$$pre_0', 'cells_51$$pre_4', 'cells_51$$pre_5', 'cells_51$$pre_6', 'cells_52$$pre_1', 'cells_53$$post_0', 'cells_53$$pre_1', 'cells_53$$pre_4', 'cells_54$$post_0', 'cells_54$$pre_1', 'cells_55$$post_0', 'post_0', 'post_0$$pre_3', 'post_0$$pre_4', 'post_0$$pre_6', 'post_1$$pre_1', 'post_1$$pre_4', 'post_3$$pre_1', 'post_3$$pre_4', 'pre_4']
2025-04-25 13:07:33,606 - INFO - Final model:
2025-04-25 13:07:33,606 - INFO - const                       10649.404388
BiCGSTABSolver$$cells_51     -606.339388
BiCGSTABSolver$$post_0      -1284.250000
CGSolver$$post_0             4864.946429
GradientSolver$$cells_50    -2096.803333
GradientSolver$$cells_51    -4201.964847
SeqGS$$cells_50              1500.379226
SeqGS$$pre_4                 -908.213265
cells_50                    -3339.377066
cells_50$$post_0            -2667.370731
cells_50$$post_2             4477.149405
cells_50$$post_3             2350.758750
cells_50$$pre_0                79.920714
cells_50$$pre_1             -2167.482619
cells_50$$pre_4              1342.065842
cells_51$$post_0             8553.893571
cells_51$$post_1             3814.286429
cells_51$$post_2            -3585.584133
cells_51$$post_5              539.067092
cells_51$$pre_0              2247.964643
cells_51$$pre_4             -2825.460918
cells_51$$pre_5               580.920816
cells_51$$pre_6             -3752.757755
cells_52$$pre_1             -1066.044745
cells_53$$post_0              319.235714
cells_53$$pre_1               148.003776
cells_53$$pre_4              -589.453061
cells_54$$post_0             -207.578571
cells_54$$pre_1               665.075714
cells_55$$post_0             4193.028571
post_0                       2658.702755
post_0$$pre_3                -270.564286
post_0$$pre_4               -5953.038980
post_0$$pre_6               -1195.325000
post_1$$pre_1                2753.168367
post_1$$pre_4                 -81.329592
post_3$$pre_1                 -82.395459
post_3$$pre_4                -240.008163
pre_4                         966.399694
dtype: float64
2025-04-25 13:07:33,608 - INFO - Trained model exported to results/trained_model.pkl
2025-04-25 13:07:33,608 - INFO - Loading all configurations for performance prediction.
2025-04-25 13:07:33,612 - INFO - Total number of configurations: 2304
2025-04-25 13:07:33,612 - INFO - Predicting performance for all configurations.
2025-04-25 13:07:33,628 - INFO - Validation Error: 18.085033442537892
2025-04-25 13:07:33,628 - INFO - Experimental pipeline completed successfully.
2025-04-25 13:50:59,512 - ERROR - Measurements CSV file does not exist: ml/sampling/measurements/7z.csv
2025-04-25 13:51:32,326 - ERROR - Feature model XML file does not exist: binidngs/python/ml/sampling/feature_models/7z.xml
2025-04-25 13:51:57,896 - INFO - Starting the experimental pipeline.
2025-04-25 13:51:57,896 - INFO - Parameters: measurements_csv=bindings/python/ml/sampling/measurements/7z.csv, feature_model_xml=bindings/python/ml/sampling/feature_models/7z.xml, sample_seed=42, sample_strategy=random, sample_size=100, max_interaction_order=3, margin=0.01, threshold=0.01, learning_seed=42, output_dir=results/
2025-04-25 13:51:57,896 - INFO - Loading feature model and extracting feature names.
2025-04-25 13:51:57,906 - INFO - Number of features extracted: 43
2025-04-25 13:51:57,906 - INFO - Generating sampled configurations using variant generator.
2025-04-25 13:51:58,012 - INFO - Number of configurations sampled: 100
2025-04-25 13:51:58,014 - INFO - Sampled configurations exported to results/sampled_configurations.csv
2025-04-25 13:51:58,014 - INFO - Matching sampled configurations with their performance values.
2025-04-25 13:51:58,422 - INFO - Number of matched configurations: 100
2025-04-25 13:51:58,422 - INFO - Training the regression model using stepwise selection.
2025-04-25 13:54:43,047 - INFO - Selected features: ['BZip2', 'BZip2$$BlockSize_128', 'BZip2$$Files_100', 'BZip2$$Files_40', 'BZip2$$Files_90', 'BZip2$$x_0', 'BZip2$$x_10', 'BZip2$$x_6', 'BZip2$$x_8', 'BlockSize_1$$x_10', 'BlockSize_1024$$LZMA', 'BlockSize_1024$$x_6', 'BlockSize_128$$x_8', 'BlockSize_16$$LZMA2', 'BlockSize_16$$x_6', 'BlockSize_2', 'BlockSize_2$$Files_20', 'BlockSize_2$$LZMA', 'BlockSize_2$$mtOff', 'BlockSize_2$$x_10', 'BlockSize_2$$x_6', 'BlockSize_2048', 'BlockSize_2048$$Files_100', 'BlockSize_2048$$Files_60', 'BlockSize_2048$$PPMd', 'BlockSize_2048$$x_0', 'BlockSize_256', 'BlockSize_256$$LZMA2', 'BlockSize_256$$mtOff', 'BlockSize_256$$x_4', 'BlockSize_256$$x_6', 'BlockSize_256$$x_8', 'BlockSize_4', 'BlockSize_4$$LZMA', 'BlockSize_4$$LZMA2', 'BlockSize_4$$x_8', 'BlockSize_4096', 'BlockSize_4096$$Files_0', 'BlockSize_4096$$Files_30', 'BlockSize_4096$$Files_50', 'BlockSize_4096$$Files_70', 'BlockSize_4096$$PPMd', 'BlockSize_4096$$x_4', 'BlockSize_512$$LZMA2', 'BlockSize_512$$x_6', 'BlockSize_64', 'BlockSize_64$$Files_90', 'BlockSize_64$$LZMA', 'BlockSize_64$$x_0', 'BlockSize_64$$x_10', 'BlockSize_64$$x_6', 'BlockSize_8', 'BlockSize_8$$LZMA', 'BlockSize_8$$mtOff', 'Deflate$$x_10', 'Deflate$$x_6', 'Files_0$$LZMA', 'Files_10$$LZMA', 'Files_10$$x_8', 'Files_100$$PPMd', 'Files_30$$x_8', 'Files_40$$LZMA2', 'Files_60$$LZMA2', 'Files_60$$x_6', 'Files_70$$x_6', 'Files_80$$LZMA', 'Files_90', 'Files_90$$LZMA2', 'Files_90$$PPMd', 'Files_90$$x_0', 'HeaderCompressionOff$$x_6', 'LZMA', 'LZMA2', 'LZMA2$$x_10', 'LZMA2$$x_8', 'PPMd', 'PPMd$$filterOff', 'PPMd$$tmOff', 'PPMd$$x_10', 'PPMd$$x_6', 'PPMd$$x_8', 'mtOff$$x_10', 'tmOff$$x_8', 'x_10', 'x_4', 'x_6', 'x_8']
2025-04-25 13:54:43,048 - INFO - Final model:
2025-04-25 13:54:43,048 - INFO - const                    1941.719424
BZip2                    4385.640288
BZip2$$BlockSize_128     -659.755396
BZip2$$Files_100          544.474820
BZip2$$Files_40         -1306.258993
                            ...     
tmOff$$x_8                350.000000
x_10                    15435.631295
x_4                       -11.834532
x_6                     12006.163669
x_8                     18558.280576
Length: 88, dtype: float64
2025-04-25 13:54:43,050 - INFO - Trained model exported to results/trained_model.pkl
2025-04-25 13:54:43,050 - INFO - Loading all configurations for performance prediction.
2025-04-25 13:54:43,134 - INFO - Total number of configurations: 68640
2025-04-25 13:54:43,134 - INFO - Predicting performance for all configurations.
2025-04-25 13:54:43,269 - INFO - Validation Error: 17.66885495151284
2025-04-25 13:54:43,269 - INFO - Experimental pipeline completed successfully.
2025-05-05 22:54:47,152 - ERROR - Measurements CSV file does not exist: ml/sampling/measurements/Dune.csv
2025-05-05 22:55:13,960 - INFO - Starting the experimental pipeline.
2025-05-05 22:55:13,961 - INFO - Parameters: measurements_csv=bindings/python/ml/sampling/measurements/Dune.csv, feature_model_xml=bindings/python/ml/sampling/feature_models/Dune.xml, sample_seed=42, sample_strategy=distance, sample_size=100, max_interaction_order=3, margin=0.01, threshold=0.01, learning_seed=42, output_dir=results/
2025-05-05 22:55:13,961 - INFO - Loading feature model and extracting feature names.
2025-05-05 22:55:13,971 - INFO - Number of features extracted: 31
2025-05-05 22:55:13,971 - INFO - Generating sampled configurations using variant generator.
2025-05-05 22:55:14,159 - INFO - Number of configurations sampled: 100
2025-05-05 22:55:14,161 - INFO - Sampled configurations exported to results/sampled_configurations.csv
2025-05-05 22:55:14,161 - INFO - Matching sampled configurations with their performance values.
2025-05-05 22:55:14,227 - INFO - Number of matched configurations: 100
2025-05-05 22:55:14,227 - INFO - Training the regression model using stepwise selection.
2025-05-05 22:55:15,368 - INFO - Selected features: ['BiCGSTABSolver$$SeqGS', 'GradientSolver', 'GradientSolver$$SeqSOR', 'GradientSolver$$pre_0', 'GradientSolver$$pre_1', 'GradientSolver$$pre_2', 'SeqGS', 'post_4$$pre_6', 'pre_6']
2025-05-05 22:55:15,368 - INFO - Final model:
2025-05-05 22:55:15,368 - INFO - const                     11605.910953
BiCGSTABSolver$$SeqGS        72.869782
GradientSolver            -2560.886476
GradientSolver$$SeqSOR     -408.408024
GradientSolver$$pre_0      2773.475497
GradientSolver$$pre_1      1890.642585
GradientSolver$$pre_2      1917.511633
SeqGS                      -994.807996
post_4$$pre_6               -22.870179
pre_6                        66.431632
dtype: float64
2025-05-05 22:55:15,370 - INFO - Trained model exported to results/trained_model.pkl
2025-05-05 22:55:15,370 - INFO - Loading all configurations for performance prediction.
2025-05-05 22:55:15,373 - INFO - Total number of configurations: 2304
2025-05-05 22:55:15,373 - INFO - Predicting performance for all configurations.
2025-05-05 22:55:15,378 - INFO - Validation Error: 18.184190328793967
2025-05-05 22:55:15,378 - INFO - Experimental pipeline completed successfully.
